// Jest Snapshot v1, https://goo.gl/fbAQLP

exports[`changes due date and selected time 1`] = `
{
  "asFragment": [Function],
  "baseElement": <body
    class="modal-open"
    data-rr-ui-modal-open=""
    style="padding-right: 1024px;"
  >
    <div>
      <div />
    </div>
    <div
      class="fade modal-backdrop show"
    />
    <div
      aria-labelledby="contained-modal-title-vcenter"
      aria-modal="true"
      class="fade modal modal show"
      role="dialog"
      style="display: block; padding-right: 0px;"
      tabindex="-1"
    >
      <div
        class="modal-dialog modal-lg modal-dialog-centered"
      >
        <div
          class="modal-content"
        >
          <div
            class="modal-header"
          >
            <div
              class="modal-title h4"
              id="contained-modal-title-vcenter"
            >
              Solicitud de cita
            </div>
            <button
              aria-label="Close"
              class="btn-close"
              type="button"
            />
          </div>
          <div
            class="modal-body"
          >
            <form
              class=""
            >
              <div
                class="form-modal row"
              >
                <div
                  class="form-modal__group"
                >
                  <label
                    class="form-modal__label form-label"
                    for="formGrouService"
                  >
                    Servicio
                  </label>
                  <p
                    class="form-modal__text"
                  >
                    101
                     - 
                    General adultos
                     -
                     
                    Juan
                  </p>
                </div>
                <div
                  class="form-modal__group"
                >
                  <label
                    class="form-modal__label form-label"
                    for="formGroupDate"
                  >
                    Fecha
                  </label>
                  <input
                    class="form-modal__input form-control"
                    id="formGroupDate"
                    placeholder="Due date"
                    type="date"
                    value="2023-10-10"
                  />
                </div>
                <div
                  class="form-modal__group"
                >
                  <label
                    class="form-modal__label form-label"
                    for="formGroupTime"
                  >
                    Hora
                  </label>
                  <input
                    class="form-modal__input form-control"
                    id="formGroupTime"
                    placeholder="Hora"
                    type="time"
                    value=""
                  />
                </div>
                <div
                  class="form-modal__group"
                >
                  <label
                    class="form-modal__label form-label"
                    for="formGroupPatient"
                  >
                    Paciente
                  </label>
                  <select
                    class="form-modal__select form-select"
                    id="formGroupPatient"
                  >
                    <option
                      value="blanco"
                    >
                       
                    </option>
                    <option
                      value="1"
                    >
                      Jhon
                       
                      Doe
                       
                      Joe
                       
                      Done
                    </option>
                    <option
                      value="nuevoPaciente"
                    >
                      Nuevo paciente
                    </option>
                  </select>
                </div>
                <div
                  class="form-modal__group"
                >
                  <label
                    class="form-modal__label form-label"
                    for="formGroupReason"
                  >
                    Motivo de consulta
                  </label>
                  <textarea
                    class="form-modal__textarea form-control"
                    id="formGroupReason"
                    placeholder="Motivo"
                  >
                    Fever
                  </textarea>
                </div>
              </div>
              <div
                class="modal-footer row"
              >
                <button
                  class="modal-footer__button modal-footer__button--close btn btn-primary"
                  type="button"
                >
                  Cerrar
                </button>
                <button
                  class="modal-footer__button modal-footer__button--register btn btn-primary"
                  type="submit"
                >
                  Registrar
                </button>
              </div>
            </form>
          </div>
        </div>
      </div>
    </div>
  </body>,
  "container": <div>
    <div />
  </div>,
  "debug": [Function],
  "findAllByAltText": [Function],
  "findAllByDisplayValue": [Function],
  "findAllByLabelText": [Function],
  "findAllByPlaceholderText": [Function],
  "findAllByRole": [Function],
  "findAllByTestId": [Function],
  "findAllByText": [Function],
  "findAllByTitle": [Function],
  "findByAltText": [Function],
  "findByDisplayValue": [Function],
  "findByLabelText": [Function],
  "findByPlaceholderText": [Function],
  "findByRole": [Function],
  "findByTestId": [Function],
  "findByText": [Function],
  "findByTitle": [Function],
  "getAllByAltText": [Function],
  "getAllByDisplayValue": [Function],
  "getAllByLabelText": [Function],
  "getAllByPlaceholderText": [Function],
  "getAllByRole": [Function],
  "getAllByTestId": [Function],
  "getAllByText": [Function],
  "getAllByTitle": [Function],
  "getByAltText": [Function],
  "getByDisplayValue": [Function],
  "getByLabelText": [Function],
  "getByPlaceholderText": [Function],
  "getByRole": [Function],
  "getByTestId": [Function],
  "getByText": [Function],
  "getByTitle": [Function],
  "queryAllByAltText": [Function],
  "queryAllByDisplayValue": [Function],
  "queryAllByLabelText": [Function],
  "queryAllByPlaceholderText": [Function],
  "queryAllByRole": [Function],
  "queryAllByTestId": [Function],
  "queryAllByText": [Function],
  "queryAllByTitle": [Function],
  "queryByAltText": [Function],
  "queryByDisplayValue": [Function],
  "queryByLabelText": [Function],
  "queryByPlaceholderText": [Function],
  "queryByRole": [Function],
  "queryByTestId": [Function],
  "queryByText": [Function],
  "queryByTitle": [Function],
  "rerender": [Function],
  "unmount": [Function],
}
`;
